// Jest Snapshot v1, https://goo.gl/fbAQLP

exports[`Gamemaster.Index component can be mounted 1`] = `
"<div class=\\"w-100\\">
  <div class=\\"row h-60\\">
    <div class=\\"red col col-5\\">
      Management
      <ul>
        <li>Mark current player</li>
        <li>Manual Points</li>
      </ul>
    </div>
    <div class=\\"blue col\\">
      Question + Answers + Correct one
    </div>
  </div>
  <div class=\\"row h-40\\">
    <div class=\\"orange col col-12\\">
      Player over-view
    </div>
  </div>
</div>"
`;
